<html>
<body>
<pre>
<h1>µVision Build Log</h1>
<h2>Tool Versions:</h2>
IDE-Version: ¦ÌVision V5.17.0.0
Copyright (C) 2015 ARM Ltd and ARM Germany GmbH. All rights reserved.
License Information: 6 urjryy, htry, LIC=PE7DY-I89MT-JJ26S-LCJBE-BQK6Z-140WP
 
Tool Versions:
Toolchain:       MDK-ARM Standard  Version: 5.17
Toolchain Path:  C:\Keil_v5\ARM\ARMCC\Bin
C Compiler:      Armcc.exe V5.06 update 1 (build 61)
Assembler:       Armasm.exe V5.06 update 1 (build 61)
Linker/Locator:  ArmLink.exe V5.06 update 1 (build 61)
Library Manager: ArmAr.exe V5.06 update 1 (build 61)
Hex Converter:   FromElf.exe V5.06 update 1 (build 61)
CPU DLL:         SARMCM3.DLL V5.17
Dialog DLL:      DCM.DLL V1.13.4.0
Target DLL:      Segger\JL2CM3.dll V2.99.16.0
Dialog DLL:      TCM.DLL V1.14.6.0
 
<h2>Project:</h2>
C:\Users\GEEK\Documents\test\USER\test.uvprojx
Project File Date:  09/18/2016

<h2>Output:</h2>
*** Using Compiler 'V5.06 update 1 (build 61)', folder: 'C:\Keil_v5\ARM\ARMCC\Bin'
Build target 'Target 1'
compiling i2c.c...
..\HARDWARE\DELAY.h(7): warning:  #1-D: last line of file ends without a newline
  #endif
..\HARDWARE\i2c.c(33): warning:  #223-D: function "delayus" declared implicitly
  	delayus(2);
..\HARDWARE\i2c.c(39): warning:  #223-D: function "delayus" declared implicitly
  	delayus(2);
..\HARDWARE\i2c.c(47): warning:  #223-D: function "delayus" declared implicitly
  	delayus(2);
..\HARDWARE\i2c.c(60): warning:  #223-D: function "delayus" declared implicitly
  		delayus(2);
..\HARDWARE\i2c.c(67): warning:  #223-D: function "delayus" declared implicitly
  	delayus(2);
..\HARDWARE\i2c.c(76): warning:  #223-D: function "delayus" declared implicitly
  	delayus(2);
..\HARDWARE\i2c.c: 7 warnings, 0 errors
linking...
Program Size: Code=1612 RO-data=424 RW-data=12 ZI-data=1228  
".\Objects\test.axf" - 0 Error(s), 7 Warning(s).

<h2>Collection of Component include folders:</h2>
  C:\Users\GEEK\Documents\test\USER\RTE
  C:\Keil_v5\ARM\PACK\Keil\STM32F4xx_DFP\1.0.8\Device\Include

<h2>Collection of Component Files used:</h2>
Build Time Elapsed:  00:00:04
</pre>
</body>
</html>
